// Jest Snapshot v1, https://goo.gl/fbAQLP

exports[`<UserAvatar /> should mount snapshopts 1`] = `
<WithStyles(UserAvatar)
  image="https://i.imgur.com/vGE4aVi.png"
  name="Imagem"
  subtitle="Subtitulo"
>
  <UserAvatar
    classes={
      Object {
        "blue": "UserAvatar-blue-6",
        "imagem": "UserAvatar-imagem-4",
        "indigo": "UserAvatar-indigo-9",
        "iniciais": "UserAvatar-iniciais-3",
        "nome": "UserAvatar-nome-2",
        "pink": "UserAvatar-pink-8",
        "red": "UserAvatar-red-7",
        "root": "UserAvatar-root-1",
        "subtitulo": "UserAvatar-subtitulo-5",
      }
    }
    image="https://i.imgur.com/vGE4aVi.png"
    name="Imagem"
    subtitle="Subtitulo"
  >
    <WithStyles(Paper)
      className="UserAvatar-root-1"
      elevation={1}
    >
      <Paper
        className="UserAvatar-root-1"
        classes={
          Object {
            "elevation0": "MuiPaper-elevation0-12",
            "elevation1": "MuiPaper-elevation1-13",
            "elevation10": "MuiPaper-elevation10-22",
            "elevation11": "MuiPaper-elevation11-23",
            "elevation12": "MuiPaper-elevation12-24",
            "elevation13": "MuiPaper-elevation13-25",
            "elevation14": "MuiPaper-elevation14-26",
            "elevation15": "MuiPaper-elevation15-27",
            "elevation16": "MuiPaper-elevation16-28",
            "elevation17": "MuiPaper-elevation17-29",
            "elevation18": "MuiPaper-elevation18-30",
            "elevation19": "MuiPaper-elevation19-31",
            "elevation2": "MuiPaper-elevation2-14",
            "elevation20": "MuiPaper-elevation20-32",
            "elevation21": "MuiPaper-elevation21-33",
            "elevation22": "MuiPaper-elevation22-34",
            "elevation23": "MuiPaper-elevation23-35",
            "elevation24": "MuiPaper-elevation24-36",
            "elevation3": "MuiPaper-elevation3-15",
            "elevation4": "MuiPaper-elevation4-16",
            "elevation5": "MuiPaper-elevation5-17",
            "elevation6": "MuiPaper-elevation6-18",
            "elevation7": "MuiPaper-elevation7-19",
            "elevation8": "MuiPaper-elevation8-20",
            "elevation9": "MuiPaper-elevation9-21",
            "root": "MuiPaper-root-10",
            "rounded": "MuiPaper-rounded-11",
          }
        }
        component="div"
        elevation={1}
        square={false}
      >
        <div
          className="MuiPaper-root-10 MuiPaper-elevation1-13 MuiPaper-rounded-11 UserAvatar-root-1"
        >
          <WithStyles(Grid)
            container={true}
          >
            <Grid
              alignContent="stretch"
              alignItems="stretch"
              classes={
                Object {
                  "align-content-xs-center": "MuiGrid-align-content-xs-center-49",
                  "align-content-xs-flex-end": "MuiGrid-align-content-xs-flex-end-51",
                  "align-content-xs-flex-start": "MuiGrid-align-content-xs-flex-start-50",
                  "align-content-xs-space-around": "MuiGrid-align-content-xs-space-around-53",
                  "align-content-xs-space-between": "MuiGrid-align-content-xs-space-between-52",
                  "align-items-xs-baseline": "MuiGrid-align-items-xs-baseline-48",
                  "align-items-xs-center": "MuiGrid-align-items-xs-center-45",
                  "align-items-xs-flex-end": "MuiGrid-align-items-xs-flex-end-47",
                  "align-items-xs-flex-start": "MuiGrid-align-items-xs-flex-start-46",
                  "container": "MuiGrid-container-37",
                  "direction-xs-column": "MuiGrid-direction-xs-column-40",
                  "direction-xs-column-reverse": "MuiGrid-direction-xs-column-reverse-41",
                  "direction-xs-row-reverse": "MuiGrid-direction-xs-row-reverse-42",
                  "grid-lg-1": "MuiGrid-grid-lg-1-108",
                  "grid-lg-10": "MuiGrid-grid-lg-10-117",
                  "grid-lg-11": "MuiGrid-grid-lg-11-118",
                  "grid-lg-12": "MuiGrid-grid-lg-12-119",
                  "grid-lg-2": "MuiGrid-grid-lg-2-109",
                  "grid-lg-3": "MuiGrid-grid-lg-3-110",
                  "grid-lg-4": "MuiGrid-grid-lg-4-111",
                  "grid-lg-5": "MuiGrid-grid-lg-5-112",
                  "grid-lg-6": "MuiGrid-grid-lg-6-113",
                  "grid-lg-7": "MuiGrid-grid-lg-7-114",
                  "grid-lg-8": "MuiGrid-grid-lg-8-115",
                  "grid-lg-9": "MuiGrid-grid-lg-9-116",
                  "grid-lg-auto": "MuiGrid-grid-lg-auto-106",
                  "grid-lg-true": "MuiGrid-grid-lg-true-107",
                  "grid-md-1": "MuiGrid-grid-md-1-94",
                  "grid-md-10": "MuiGrid-grid-md-10-103",
                  "grid-md-11": "MuiGrid-grid-md-11-104",
                  "grid-md-12": "MuiGrid-grid-md-12-105",
                  "grid-md-2": "MuiGrid-grid-md-2-95",
                  "grid-md-3": "MuiGrid-grid-md-3-96",
                  "grid-md-4": "MuiGrid-grid-md-4-97",
                  "grid-md-5": "MuiGrid-grid-md-5-98",
                  "grid-md-6": "MuiGrid-grid-md-6-99",
                  "grid-md-7": "MuiGrid-grid-md-7-100",
                  "grid-md-8": "MuiGrid-grid-md-8-101",
                  "grid-md-9": "MuiGrid-grid-md-9-102",
                  "grid-md-auto": "MuiGrid-grid-md-auto-92",
                  "grid-md-true": "MuiGrid-grid-md-true-93",
                  "grid-sm-1": "MuiGrid-grid-sm-1-80",
                  "grid-sm-10": "MuiGrid-grid-sm-10-89",
                  "grid-sm-11": "MuiGrid-grid-sm-11-90",
                  "grid-sm-12": "MuiGrid-grid-sm-12-91",
                  "grid-sm-2": "MuiGrid-grid-sm-2-81",
                  "grid-sm-3": "MuiGrid-grid-sm-3-82",
                  "grid-sm-4": "MuiGrid-grid-sm-4-83",
                  "grid-sm-5": "MuiGrid-grid-sm-5-84",
                  "grid-sm-6": "MuiGrid-grid-sm-6-85",
                  "grid-sm-7": "MuiGrid-grid-sm-7-86",
                  "grid-sm-8": "MuiGrid-grid-sm-8-87",
                  "grid-sm-9": "MuiGrid-grid-sm-9-88",
                  "grid-sm-auto": "MuiGrid-grid-sm-auto-78",
                  "grid-sm-true": "MuiGrid-grid-sm-true-79",
                  "grid-xl-1": "MuiGrid-grid-xl-1-122",
                  "grid-xl-10": "MuiGrid-grid-xl-10-131",
                  "grid-xl-11": "MuiGrid-grid-xl-11-132",
                  "grid-xl-12": "MuiGrid-grid-xl-12-133",
                  "grid-xl-2": "MuiGrid-grid-xl-2-123",
                  "grid-xl-3": "MuiGrid-grid-xl-3-124",
                  "grid-xl-4": "MuiGrid-grid-xl-4-125",
                  "grid-xl-5": "MuiGrid-grid-xl-5-126",
                  "grid-xl-6": "MuiGrid-grid-xl-6-127",
                  "grid-xl-7": "MuiGrid-grid-xl-7-128",
                  "grid-xl-8": "MuiGrid-grid-xl-8-129",
                  "grid-xl-9": "MuiGrid-grid-xl-9-130",
                  "grid-xl-auto": "MuiGrid-grid-xl-auto-120",
                  "grid-xl-true": "MuiGrid-grid-xl-true-121",
                  "grid-xs-1": "MuiGrid-grid-xs-1-66",
                  "grid-xs-10": "MuiGrid-grid-xs-10-75",
                  "grid-xs-11": "MuiGrid-grid-xs-11-76",
                  "grid-xs-12": "MuiGrid-grid-xs-12-77",
                  "grid-xs-2": "MuiGrid-grid-xs-2-67",
                  "grid-xs-3": "MuiGrid-grid-xs-3-68",
                  "grid-xs-4": "MuiGrid-grid-xs-4-69",
                  "grid-xs-5": "MuiGrid-grid-xs-5-70",
                  "grid-xs-6": "MuiGrid-grid-xs-6-71",
                  "grid-xs-7": "MuiGrid-grid-xs-7-72",
                  "grid-xs-8": "MuiGrid-grid-xs-8-73",
                  "grid-xs-9": "MuiGrid-grid-xs-9-74",
                  "grid-xs-auto": "MuiGrid-grid-xs-auto-64",
                  "grid-xs-true": "MuiGrid-grid-xs-true-65",
                  "item": "MuiGrid-item-38",
                  "justify-xs-center": "MuiGrid-justify-xs-center-54",
                  "justify-xs-flex-end": "MuiGrid-justify-xs-flex-end-55",
                  "justify-xs-space-around": "MuiGrid-justify-xs-space-around-57",
                  "justify-xs-space-between": "MuiGrid-justify-xs-space-between-56",
                  "justify-xs-space-evenly": "MuiGrid-justify-xs-space-evenly-58",
                  "spacing-xs-16": "MuiGrid-spacing-xs-16-60",
                  "spacing-xs-24": "MuiGrid-spacing-xs-24-61",
                  "spacing-xs-32": "MuiGrid-spacing-xs-32-62",
                  "spacing-xs-40": "MuiGrid-spacing-xs-40-63",
                  "spacing-xs-8": "MuiGrid-spacing-xs-8-59",
                  "wrap-xs-nowrap": "MuiGrid-wrap-xs-nowrap-43",
                  "wrap-xs-wrap-reverse": "MuiGrid-wrap-xs-wrap-reverse-44",
                  "zeroMinWidth": "MuiGrid-zeroMinWidth-39",
                }
              }
              component="div"
              container={true}
              direction="row"
              item={false}
              justify="flex-start"
              lg={false}
              md={false}
              sm={false}
              spacing={0}
              wrap="wrap"
              xl={false}
              xs={false}
              zeroMinWidth={false}
            >
              <div
                className="MuiGrid-container-37"
              >
                <WithStyles(Grid)
                  item={true}
                >
                  <Grid
                    alignContent="stretch"
                    alignItems="stretch"
                    classes={
                      Object {
                        "align-content-xs-center": "MuiGrid-align-content-xs-center-49",
                        "align-content-xs-flex-end": "MuiGrid-align-content-xs-flex-end-51",
                        "align-content-xs-flex-start": "MuiGrid-align-content-xs-flex-start-50",
                        "align-content-xs-space-around": "MuiGrid-align-content-xs-space-around-53",
                        "align-content-xs-space-between": "MuiGrid-align-content-xs-space-between-52",
                        "align-items-xs-baseline": "MuiGrid-align-items-xs-baseline-48",
                        "align-items-xs-center": "MuiGrid-align-items-xs-center-45",
                        "align-items-xs-flex-end": "MuiGrid-align-items-xs-flex-end-47",
                        "align-items-xs-flex-start": "MuiGrid-align-items-xs-flex-start-46",
                        "container": "MuiGrid-container-37",
                        "direction-xs-column": "MuiGrid-direction-xs-column-40",
                        "direction-xs-column-reverse": "MuiGrid-direction-xs-column-reverse-41",
                        "direction-xs-row-reverse": "MuiGrid-direction-xs-row-reverse-42",
                        "grid-lg-1": "MuiGrid-grid-lg-1-108",
                        "grid-lg-10": "MuiGrid-grid-lg-10-117",
                        "grid-lg-11": "MuiGrid-grid-lg-11-118",
                        "grid-lg-12": "MuiGrid-grid-lg-12-119",
                        "grid-lg-2": "MuiGrid-grid-lg-2-109",
                        "grid-lg-3": "MuiGrid-grid-lg-3-110",
                        "grid-lg-4": "MuiGrid-grid-lg-4-111",
                        "grid-lg-5": "MuiGrid-grid-lg-5-112",
                        "grid-lg-6": "MuiGrid-grid-lg-6-113",
                        "grid-lg-7": "MuiGrid-grid-lg-7-114",
                        "grid-lg-8": "MuiGrid-grid-lg-8-115",
                        "grid-lg-9": "MuiGrid-grid-lg-9-116",
                        "grid-lg-auto": "MuiGrid-grid-lg-auto-106",
                        "grid-lg-true": "MuiGrid-grid-lg-true-107",
                        "grid-md-1": "MuiGrid-grid-md-1-94",
                        "grid-md-10": "MuiGrid-grid-md-10-103",
                        "grid-md-11": "MuiGrid-grid-md-11-104",
                        "grid-md-12": "MuiGrid-grid-md-12-105",
                        "grid-md-2": "MuiGrid-grid-md-2-95",
                        "grid-md-3": "MuiGrid-grid-md-3-96",
                        "grid-md-4": "MuiGrid-grid-md-4-97",
                        "grid-md-5": "MuiGrid-grid-md-5-98",
                        "grid-md-6": "MuiGrid-grid-md-6-99",
                        "grid-md-7": "MuiGrid-grid-md-7-100",
                        "grid-md-8": "MuiGrid-grid-md-8-101",
                        "grid-md-9": "MuiGrid-grid-md-9-102",
                        "grid-md-auto": "MuiGrid-grid-md-auto-92",
                        "grid-md-true": "MuiGrid-grid-md-true-93",
                        "grid-sm-1": "MuiGrid-grid-sm-1-80",
                        "grid-sm-10": "MuiGrid-grid-sm-10-89",
                        "grid-sm-11": "MuiGrid-grid-sm-11-90",
                        "grid-sm-12": "MuiGrid-grid-sm-12-91",
                        "grid-sm-2": "MuiGrid-grid-sm-2-81",
                        "grid-sm-3": "MuiGrid-grid-sm-3-82",
                        "grid-sm-4": "MuiGrid-grid-sm-4-83",
                        "grid-sm-5": "MuiGrid-grid-sm-5-84",
                        "grid-sm-6": "MuiGrid-grid-sm-6-85",
                        "grid-sm-7": "MuiGrid-grid-sm-7-86",
                        "grid-sm-8": "MuiGrid-grid-sm-8-87",
                        "grid-sm-9": "MuiGrid-grid-sm-9-88",
                        "grid-sm-auto": "MuiGrid-grid-sm-auto-78",
                        "grid-sm-true": "MuiGrid-grid-sm-true-79",
                        "grid-xl-1": "MuiGrid-grid-xl-1-122",
                        "grid-xl-10": "MuiGrid-grid-xl-10-131",
                        "grid-xl-11": "MuiGrid-grid-xl-11-132",
                        "grid-xl-12": "MuiGrid-grid-xl-12-133",
                        "grid-xl-2": "MuiGrid-grid-xl-2-123",
                        "grid-xl-3": "MuiGrid-grid-xl-3-124",
                        "grid-xl-4": "MuiGrid-grid-xl-4-125",
                        "grid-xl-5": "MuiGrid-grid-xl-5-126",
                        "grid-xl-6": "MuiGrid-grid-xl-6-127",
                        "grid-xl-7": "MuiGrid-grid-xl-7-128",
                        "grid-xl-8": "MuiGrid-grid-xl-8-129",
                        "grid-xl-9": "MuiGrid-grid-xl-9-130",
                        "grid-xl-auto": "MuiGrid-grid-xl-auto-120",
                        "grid-xl-true": "MuiGrid-grid-xl-true-121",
                        "grid-xs-1": "MuiGrid-grid-xs-1-66",
                        "grid-xs-10": "MuiGrid-grid-xs-10-75",
                        "grid-xs-11": "MuiGrid-grid-xs-11-76",
                        "grid-xs-12": "MuiGrid-grid-xs-12-77",
                        "grid-xs-2": "MuiGrid-grid-xs-2-67",
                        "grid-xs-3": "MuiGrid-grid-xs-3-68",
                        "grid-xs-4": "MuiGrid-grid-xs-4-69",
                        "grid-xs-5": "MuiGrid-grid-xs-5-70",
                        "grid-xs-6": "MuiGrid-grid-xs-6-71",
                        "grid-xs-7": "MuiGrid-grid-xs-7-72",
                        "grid-xs-8": "MuiGrid-grid-xs-8-73",
                        "grid-xs-9": "MuiGrid-grid-xs-9-74",
                        "grid-xs-auto": "MuiGrid-grid-xs-auto-64",
                        "grid-xs-true": "MuiGrid-grid-xs-true-65",
                        "item": "MuiGrid-item-38",
                        "justify-xs-center": "MuiGrid-justify-xs-center-54",
                        "justify-xs-flex-end": "MuiGrid-justify-xs-flex-end-55",
                        "justify-xs-space-around": "MuiGrid-justify-xs-space-around-57",
                        "justify-xs-space-between": "MuiGrid-justify-xs-space-between-56",
                        "justify-xs-space-evenly": "MuiGrid-justify-xs-space-evenly-58",
                        "spacing-xs-16": "MuiGrid-spacing-xs-16-60",
                        "spacing-xs-24": "MuiGrid-spacing-xs-24-61",
                        "spacing-xs-32": "MuiGrid-spacing-xs-32-62",
                        "spacing-xs-40": "MuiGrid-spacing-xs-40-63",
                        "spacing-xs-8": "MuiGrid-spacing-xs-8-59",
                        "wrap-xs-nowrap": "MuiGrid-wrap-xs-nowrap-43",
                        "wrap-xs-wrap-reverse": "MuiGrid-wrap-xs-wrap-reverse-44",
                        "zeroMinWidth": "MuiGrid-zeroMinWidth-39",
                      }
                    }
                    component="div"
                    container={false}
                    direction="row"
                    item={true}
                    justify="flex-start"
                    lg={false}
                    md={false}
                    sm={false}
                    spacing={0}
                    wrap="wrap"
                    xl={false}
                    xs={false}
                    zeroMinWidth={false}
                  >
                    <div
                      className="MuiGrid-item-38"
                    >
                      <WithStyles(Avatar)
                        alt="Imagem"
                        className="UserAvatar-imagem-4"
                        src="https://i.imgur.com/vGE4aVi.png"
                      >
                        <Avatar
                          alt="Imagem"
                          className="UserAvatar-imagem-4"
                          classes={
                            Object {
                              "colorDefault": "MuiAvatar-colorDefault-135",
                              "img": "MuiAvatar-img-136",
                              "root": "MuiAvatar-root-134",
                            }
                          }
                          component="div"
                          src="https://i.imgur.com/vGE4aVi.png"
                        >
                          <div
                            className="MuiAvatar-root-134 UserAvatar-imagem-4"
                          >
                            <img
                              alt="Imagem"
                              className="MuiAvatar-img-136"
                              src="https://i.imgur.com/vGE4aVi.png"
                            />
                          </div>
                        </Avatar>
                      </WithStyles(Avatar)>
                    </div>
                  </Grid>
                </WithStyles(Grid)>
                <WithStyles(Grid)
                  item={true}
                >
                  <Grid
                    alignContent="stretch"
                    alignItems="stretch"
                    classes={
                      Object {
                        "align-content-xs-center": "MuiGrid-align-content-xs-center-49",
                        "align-content-xs-flex-end": "MuiGrid-align-content-xs-flex-end-51",
                        "align-content-xs-flex-start": "MuiGrid-align-content-xs-flex-start-50",
                        "align-content-xs-space-around": "MuiGrid-align-content-xs-space-around-53",
                        "align-content-xs-space-between": "MuiGrid-align-content-xs-space-between-52",
                        "align-items-xs-baseline": "MuiGrid-align-items-xs-baseline-48",
                        "align-items-xs-center": "MuiGrid-align-items-xs-center-45",
                        "align-items-xs-flex-end": "MuiGrid-align-items-xs-flex-end-47",
                        "align-items-xs-flex-start": "MuiGrid-align-items-xs-flex-start-46",
                        "container": "MuiGrid-container-37",
                        "direction-xs-column": "MuiGrid-direction-xs-column-40",
                        "direction-xs-column-reverse": "MuiGrid-direction-xs-column-reverse-41",
                        "direction-xs-row-reverse": "MuiGrid-direction-xs-row-reverse-42",
                        "grid-lg-1": "MuiGrid-grid-lg-1-108",
                        "grid-lg-10": "MuiGrid-grid-lg-10-117",
                        "grid-lg-11": "MuiGrid-grid-lg-11-118",
                        "grid-lg-12": "MuiGrid-grid-lg-12-119",
                        "grid-lg-2": "MuiGrid-grid-lg-2-109",
                        "grid-lg-3": "MuiGrid-grid-lg-3-110",
                        "grid-lg-4": "MuiGrid-grid-lg-4-111",
                        "grid-lg-5": "MuiGrid-grid-lg-5-112",
                        "grid-lg-6": "MuiGrid-grid-lg-6-113",
                        "grid-lg-7": "MuiGrid-grid-lg-7-114",
                        "grid-lg-8": "MuiGrid-grid-lg-8-115",
                        "grid-lg-9": "MuiGrid-grid-lg-9-116",
                        "grid-lg-auto": "MuiGrid-grid-lg-auto-106",
                        "grid-lg-true": "MuiGrid-grid-lg-true-107",
                        "grid-md-1": "MuiGrid-grid-md-1-94",
                        "grid-md-10": "MuiGrid-grid-md-10-103",
                        "grid-md-11": "MuiGrid-grid-md-11-104",
                        "grid-md-12": "MuiGrid-grid-md-12-105",
                        "grid-md-2": "MuiGrid-grid-md-2-95",
                        "grid-md-3": "MuiGrid-grid-md-3-96",
                        "grid-md-4": "MuiGrid-grid-md-4-97",
                        "grid-md-5": "MuiGrid-grid-md-5-98",
                        "grid-md-6": "MuiGrid-grid-md-6-99",
                        "grid-md-7": "MuiGrid-grid-md-7-100",
                        "grid-md-8": "MuiGrid-grid-md-8-101",
                        "grid-md-9": "MuiGrid-grid-md-9-102",
                        "grid-md-auto": "MuiGrid-grid-md-auto-92",
                        "grid-md-true": "MuiGrid-grid-md-true-93",
                        "grid-sm-1": "MuiGrid-grid-sm-1-80",
                        "grid-sm-10": "MuiGrid-grid-sm-10-89",
                        "grid-sm-11": "MuiGrid-grid-sm-11-90",
                        "grid-sm-12": "MuiGrid-grid-sm-12-91",
                        "grid-sm-2": "MuiGrid-grid-sm-2-81",
                        "grid-sm-3": "MuiGrid-grid-sm-3-82",
                        "grid-sm-4": "MuiGrid-grid-sm-4-83",
                        "grid-sm-5": "MuiGrid-grid-sm-5-84",
                        "grid-sm-6": "MuiGrid-grid-sm-6-85",
                        "grid-sm-7": "MuiGrid-grid-sm-7-86",
                        "grid-sm-8": "MuiGrid-grid-sm-8-87",
                        "grid-sm-9": "MuiGrid-grid-sm-9-88",
                        "grid-sm-auto": "MuiGrid-grid-sm-auto-78",
                        "grid-sm-true": "MuiGrid-grid-sm-true-79",
                        "grid-xl-1": "MuiGrid-grid-xl-1-122",
                        "grid-xl-10": "MuiGrid-grid-xl-10-131",
                        "grid-xl-11": "MuiGrid-grid-xl-11-132",
                        "grid-xl-12": "MuiGrid-grid-xl-12-133",
                        "grid-xl-2": "MuiGrid-grid-xl-2-123",
                        "grid-xl-3": "MuiGrid-grid-xl-3-124",
                        "grid-xl-4": "MuiGrid-grid-xl-4-125",
                        "grid-xl-5": "MuiGrid-grid-xl-5-126",
                        "grid-xl-6": "MuiGrid-grid-xl-6-127",
                        "grid-xl-7": "MuiGrid-grid-xl-7-128",
                        "grid-xl-8": "MuiGrid-grid-xl-8-129",
                        "grid-xl-9": "MuiGrid-grid-xl-9-130",
                        "grid-xl-auto": "MuiGrid-grid-xl-auto-120",
                        "grid-xl-true": "MuiGrid-grid-xl-true-121",
                        "grid-xs-1": "MuiGrid-grid-xs-1-66",
                        "grid-xs-10": "MuiGrid-grid-xs-10-75",
                        "grid-xs-11": "MuiGrid-grid-xs-11-76",
                        "grid-xs-12": "MuiGrid-grid-xs-12-77",
                        "grid-xs-2": "MuiGrid-grid-xs-2-67",
                        "grid-xs-3": "MuiGrid-grid-xs-3-68",
                        "grid-xs-4": "MuiGrid-grid-xs-4-69",
                        "grid-xs-5": "MuiGrid-grid-xs-5-70",
                        "grid-xs-6": "MuiGrid-grid-xs-6-71",
                        "grid-xs-7": "MuiGrid-grid-xs-7-72",
                        "grid-xs-8": "MuiGrid-grid-xs-8-73",
                        "grid-xs-9": "MuiGrid-grid-xs-9-74",
                        "grid-xs-auto": "MuiGrid-grid-xs-auto-64",
                        "grid-xs-true": "MuiGrid-grid-xs-true-65",
                        "item": "MuiGrid-item-38",
                        "justify-xs-center": "MuiGrid-justify-xs-center-54",
                        "justify-xs-flex-end": "MuiGrid-justify-xs-flex-end-55",
                        "justify-xs-space-around": "MuiGrid-justify-xs-space-around-57",
                        "justify-xs-space-between": "MuiGrid-justify-xs-space-between-56",
                        "justify-xs-space-evenly": "MuiGrid-justify-xs-space-evenly-58",
                        "spacing-xs-16": "MuiGrid-spacing-xs-16-60",
                        "spacing-xs-24": "MuiGrid-spacing-xs-24-61",
                        "spacing-xs-32": "MuiGrid-spacing-xs-32-62",
                        "spacing-xs-40": "MuiGrid-spacing-xs-40-63",
                        "spacing-xs-8": "MuiGrid-spacing-xs-8-59",
                        "wrap-xs-nowrap": "MuiGrid-wrap-xs-nowrap-43",
                        "wrap-xs-wrap-reverse": "MuiGrid-wrap-xs-wrap-reverse-44",
                        "zeroMinWidth": "MuiGrid-zeroMinWidth-39",
                      }
                    }
                    component="div"
                    container={false}
                    direction="row"
                    item={true}
                    justify="flex-start"
                    lg={false}
                    md={false}
                    sm={false}
                    spacing={0}
                    wrap="wrap"
                    xl={false}
                    xs={false}
                    zeroMinWidth={false}
                  >
                    <div
                      className="MuiGrid-item-38"
                    >
                      <WithStyles(Typography)
                        className="UserAvatar-nome-2"
                        variant="h6"
                      >
                        <Typography
                          align="inherit"
                          className="UserAvatar-nome-2"
                          classes={
                            Object {
                              "alignCenter": "MuiTypography-alignCenter-160",
                              "alignJustify": "MuiTypography-alignJustify-162",
                              "alignLeft": "MuiTypography-alignLeft-159",
                              "alignRight": "MuiTypography-alignRight-161",
                              "body1": "MuiTypography-body1-146",
                              "body2": "MuiTypography-body2-145",
                              "button": "MuiTypography-button-148",
                              "caption": "MuiTypography-caption-147",
                              "colorError": "MuiTypography-colorError-171",
                              "colorInherit": "MuiTypography-colorInherit-166",
                              "colorPrimary": "MuiTypography-colorPrimary-167",
                              "colorSecondary": "MuiTypography-colorSecondary-168",
                              "colorTextPrimary": "MuiTypography-colorTextPrimary-169",
                              "colorTextSecondary": "MuiTypography-colorTextSecondary-170",
                              "display1": "MuiTypography-display1-141",
                              "display2": "MuiTypography-display2-140",
                              "display3": "MuiTypography-display3-139",
                              "display4": "MuiTypography-display4-138",
                              "gutterBottom": "MuiTypography-gutterBottom-164",
                              "h1": "MuiTypography-h1-149",
                              "h2": "MuiTypography-h2-150",
                              "h3": "MuiTypography-h3-151",
                              "h4": "MuiTypography-h4-152",
                              "h5": "MuiTypography-h5-153",
                              "h6": "MuiTypography-h6-154",
                              "headline": "MuiTypography-headline-142",
                              "inline": "MuiTypography-inline-172",
                              "noWrap": "MuiTypography-noWrap-163",
                              "overline": "MuiTypography-overline-157",
                              "paragraph": "MuiTypography-paragraph-165",
                              "root": "MuiTypography-root-137",
                              "srOnly": "MuiTypography-srOnly-158",
                              "subheading": "MuiTypography-subheading-144",
                              "subtitle1": "MuiTypography-subtitle1-155",
                              "subtitle2": "MuiTypography-subtitle2-156",
                              "title": "MuiTypography-title-143",
                            }
                          }
                          color="default"
                          gutterBottom={false}
                          headlineMapping={
                            Object {
                              "body1": "p",
                              "body2": "p",
                              "display1": "h1",
                              "display2": "h1",
                              "display3": "h1",
                              "display4": "h1",
                              "h1": "h1",
                              "h2": "h2",
                              "h3": "h3",
                              "h4": "h4",
                              "h5": "h5",
                              "h6": "h6",
                              "headline": "h1",
                              "subheading": "h3",
                              "subtitle1": "h6",
                              "subtitle2": "h6",
                              "title": "h2",
                            }
                          }
                          inline={false}
                          noWrap={false}
                          paragraph={false}
                          theme={
                            Object {
                              "breakpoints": Object {
                                "between": [Function],
                                "down": [Function],
                                "keys": Array [
                                  "xs",
                                  "sm",
                                  "md",
                                  "lg",
                                  "xl",
                                ],
                                "only": [Function],
                                "up": [Function],
                                "values": Object {
                                  "lg": 1280,
                                  "md": 960,
                                  "sm": 600,
                                  "xl": 1920,
                                  "xs": 0,
                                },
                                "width": [Function],
                              },
                              "direction": "ltr",
                              "mixins": Object {
                                "gutters": [Function],
                                "toolbar": Object {
                                  "@media (min-width:0px) and (orientation: landscape)": Object {
                                    "minHeight": 48,
                                  },
                                  "@media (min-width:600px)": Object {
                                    "minHeight": 64,
                                  },
                                  "minHeight": 56,
                                },
                              },
                              "overrides": Object {},
                              "palette": Object {
                                "action": Object {
                                  "active": "rgba(0, 0, 0, 0.54)",
                                  "disabled": "rgba(0, 0, 0, 0.26)",
                                  "disabledBackground": "rgba(0, 0, 0, 0.12)",
                                  "hover": "rgba(0, 0, 0, 0.08)",
                                  "hoverOpacity": 0.08,
                                  "selected": "rgba(0, 0, 0, 0.14)",
                                },
                                "augmentColor": [Function],
                                "background": Object {
                                  "default": "#fafafa",
                                  "paper": "#fff",
                                },
                                "common": Object {
                                  "black": "#000",
                                  "white": "#fff",
                                },
                                "contrastThreshold": 3,
                                "divider": "rgba(0, 0, 0, 0.12)",
                                "error": Object {
                                  "contrastText": "#fff",
                                  "dark": "#d32f2f",
                                  "light": "#e57373",
                                  "main": "#f44336",
                                },
                                "getContrastText": [Function],
                                "grey": Object {
                                  "100": "#f5f5f5",
                                  "200": "#eeeeee",
                                  "300": "#e0e0e0",
                                  "400": "#bdbdbd",
                                  "50": "#fafafa",
                                  "500": "#9e9e9e",
                                  "600": "#757575",
                                  "700": "#616161",
                                  "800": "#424242",
                                  "900": "#212121",
                                  "A100": "#d5d5d5",
                                  "A200": "#aaaaaa",
                                  "A400": "#303030",
                                  "A700": "#616161",
                                },
                                "primary": Object {
                                  "contrastText": "#fff",
                                  "dark": "#303f9f",
                                  "light": "#7986cb",
                                  "main": "#3f51b5",
                                },
                                "secondary": Object {
                                  "contrastText": "#fff",
                                  "dark": "#c51162",
                                  "light": "#ff4081",
                                  "main": "#f50057",
                                },
                                "text": Object {
                                  "disabled": "rgba(0, 0, 0, 0.38)",
                                  "hint": "rgba(0, 0, 0, 0.38)",
                                  "primary": "rgba(0, 0, 0, 0.87)",
                                  "secondary": "rgba(0, 0, 0, 0.54)",
                                },
                                "tonalOffset": 0.2,
                                "type": "light",
                              },
                              "props": Object {},
                              "shadows": Array [
                                "none",
                                "0px 1px 3px 0px rgba(0,0,0,0.2),0px 1px 1px 0px rgba(0,0,0,0.14),0px 2px 1px -1px rgba(0,0,0,0.12)",
                                "0px 1px 5px 0px rgba(0,0,0,0.2),0px 2px 2px 0px rgba(0,0,0,0.14),0px 3px 1px -2px rgba(0,0,0,0.12)",
                                "0px 1px 8px 0px rgba(0,0,0,0.2),0px 3px 4px 0px rgba(0,0,0,0.14),0px 3px 3px -2px rgba(0,0,0,0.12)",
                                "0px 2px 4px -1px rgba(0,0,0,0.2),0px 4px 5px 0px rgba(0,0,0,0.14),0px 1px 10px 0px rgba(0,0,0,0.12)",
                                "0px 3px 5px -1px rgba(0,0,0,0.2),0px 5px 8px 0px rgba(0,0,0,0.14),0px 1px 14px 0px rgba(0,0,0,0.12)",
                                "0px 3px 5px -1px rgba(0,0,0,0.2),0px 6px 10px 0px rgba(0,0,0,0.14),0px 1px 18px 0px rgba(0,0,0,0.12)",
                                "0px 4px 5px -2px rgba(0,0,0,0.2),0px 7px 10px 1px rgba(0,0,0,0.14),0px 2px 16px 1px rgba(0,0,0,0.12)",
                                "0px 5px 5px -3px rgba(0,0,0,0.2),0px 8px 10px 1px rgba(0,0,0,0.14),0px 3px 14px 2px rgba(0,0,0,0.12)",
                                "0px 5px 6px -3px rgba(0,0,0,0.2),0px 9px 12px 1px rgba(0,0,0,0.14),0px 3px 16px 2px rgba(0,0,0,0.12)",
                                "0px 6px 6px -3px rgba(0,0,0,0.2),0px 10px 14px 1px rgba(0,0,0,0.14),0px 4px 18px 3px rgba(0,0,0,0.12)",
                                "0px 6px 7px -4px rgba(0,0,0,0.2),0px 11px 15px 1px rgba(0,0,0,0.14),0px 4px 20px 3px rgba(0,0,0,0.12)",
                                "0px 7px 8px -4px rgba(0,0,0,0.2),0px 12px 17px 2px rgba(0,0,0,0.14),0px 5px 22px 4px rgba(0,0,0,0.12)",
                                "0px 7px 8px -4px rgba(0,0,0,0.2),0px 13px 19px 2px rgba(0,0,0,0.14),0px 5px 24px 4px rgba(0,0,0,0.12)",
                                "0px 7px 9px -4px rgba(0,0,0,0.2),0px 14px 21px 2px rgba(0,0,0,0.14),0px 5px 26px 4px rgba(0,0,0,0.12)",
                                "0px 8px 9px -5px rgba(0,0,0,0.2),0px 15px 22px 2px rgba(0,0,0,0.14),0px 6px 28px 5px rgba(0,0,0,0.12)",
                                "0px 8px 10px -5px rgba(0,0,0,0.2),0px 16px 24px 2px rgba(0,0,0,0.14),0px 6px 30px 5px rgba(0,0,0,0.12)",
                                "0px 8px 11px -5px rgba(0,0,0,0.2),0px 17px 26px 2px rgba(0,0,0,0.14),0px 6px 32px 5px rgba(0,0,0,0.12)",
                                "0px 9px 11px -5px rgba(0,0,0,0.2),0px 18px 28px 2px rgba(0,0,0,0.14),0px 7px 34px 6px rgba(0,0,0,0.12)",
                                "0px 9px 12px -6px rgba(0,0,0,0.2),0px 19px 29px 2px rgba(0,0,0,0.14),0px 7px 36px 6px rgba(0,0,0,0.12)",
                                "0px 10px 13px -6px rgba(0,0,0,0.2),0px 20px 31px 3px rgba(0,0,0,0.14),0px 8px 38px 7px rgba(0,0,0,0.12)",
                                "0px 10px 13px -6px rgba(0,0,0,0.2),0px 21px 33px 3px rgba(0,0,0,0.14),0px 8px 40px 7px rgba(0,0,0,0.12)",
                                "0px 10px 14px -6px rgba(0,0,0,0.2),0px 22px 35px 3px rgba(0,0,0,0.14),0px 8px 42px 7px rgba(0,0,0,0.12)",
                                "0px 11px 14px -7px rgba(0,0,0,0.2),0px 23px 36px 3px rgba(0,0,0,0.14),0px 9px 44px 8px rgba(0,0,0,0.12)",
                                "0px 11px 15px -7px rgba(0,0,0,0.2),0px 24px 38px 3px rgba(0,0,0,0.14),0px 9px 46px 8px rgba(0,0,0,0.12)",
                              ],
                              "shape": Object {
                                "borderRadius": 4,
                              },
                              "spacing": Object {
                                "unit": 8,
                              },
                              "transitions": Object {
                                "create": [Function],
                                "duration": Object {
                                  "complex": 375,
                                  "enteringScreen": 225,
                                  "leavingScreen": 195,
                                  "short": 250,
                                  "shorter": 200,
                                  "shortest": 150,
                                  "standard": 300,
                                },
                                "easing": Object {
                                  "easeIn": "cubic-bezier(0.4, 0, 1, 1)",
                                  "easeInOut": "cubic-bezier(0.4, 0, 0.2, 1)",
                                  "easeOut": "cubic-bezier(0.0, 0, 0.2, 1)",
                                  "sharp": "cubic-bezier(0.4, 0, 0.6, 1)",
                                },
                                "getAutoHeightDuration": [Function],
                              },
                              "typography": Object {
                                "body1": Object {
                                  "color": "rgba(0, 0, 0, 0.87)",
                                  "fontFamily": "\\"Roboto\\", \\"Helvetica\\", \\"Arial\\", sans-serif",
                                  "fontSize": "1rem",
                                  "fontWeight": 400,
                                  "letterSpacing": "0.00938em",
                                  "lineHeight": 1.5,
                                },
                                "body1Next": Object {
                                  "color": "rgba(0, 0, 0, 0.87)",
                                  "fontFamily": "\\"Roboto\\", \\"Helvetica\\", \\"Arial\\", sans-serif",
                                  "fontSize": "1rem",
                                  "fontWeight": 400,
                                  "letterSpacing": "0.00938em",
                                  "lineHeight": 1.5,
                                },
                                "body2": Object {
                                  "color": "rgba(0, 0, 0, 0.87)",
                                  "fontFamily": "\\"Roboto\\", \\"Helvetica\\", \\"Arial\\", sans-serif",
                                  "fontSize": "0.875rem",
                                  "fontWeight": 400,
                                  "letterSpacing": "0.01071em",
                                  "lineHeight": 1.5,
                                },
                                "body2Next": Object {
                                  "color": "rgba(0, 0, 0, 0.87)",
                                  "fontFamily": "\\"Roboto\\", \\"Helvetica\\", \\"Arial\\", sans-serif",
                                  "fontSize": "0.875rem",
                                  "fontWeight": 400,
                                  "letterSpacing": "0.01071em",
                                  "lineHeight": 1.5,
                                },
                                "button": Object {
                                  "color": "rgba(0, 0, 0, 0.87)",
                                  "fontFamily": "\\"Roboto\\", \\"Helvetica\\", \\"Arial\\", sans-serif",
                                  "fontSize": "0.875rem",
                                  "fontWeight": 500,
                                  "letterSpacing": "0.02857em",
                                  "lineHeight": 1.75,
                                  "textTransform": "uppercase",
                                },
                                "buttonNext": Object {
                                  "color": "rgba(0, 0, 0, 0.87)",
                                  "fontFamily": "\\"Roboto\\", \\"Helvetica\\", \\"Arial\\", sans-serif",
                                  "fontSize": "0.875rem",
                                  "fontWeight": 500,
                                  "letterSpacing": "0.02857em",
                                  "lineHeight": 1.75,
                                  "textTransform": "uppercase",
                                },
                                "caption": Object {
                                  "color": "rgba(0, 0, 0, 0.87)",
                                  "fontFamily": "\\"Roboto\\", \\"Helvetica\\", \\"Arial\\", sans-serif",
                                  "fontSize": "0.75rem",
                                  "fontWeight": 400,
                                  "letterSpacing": "0.03333em",
                                  "lineHeight": 1.66,
                                },
                                "captionNext": Object {
                                  "color": "rgba(0, 0, 0, 0.87)",
                                  "fontFamily": "\\"Roboto\\", \\"Helvetica\\", \\"Arial\\", sans-serif",
                                  "fontSize": "0.75rem",
                                  "fontWeight": 400,
                                  "letterSpacing": "0.03333em",
                                  "lineHeight": 1.66,
                                },
                                "display1": Object {
                                  "color": "rgba(0, 0, 0, 0.54)",
                                  "fontFamily": "\\"Roboto\\", \\"Helvetica\\", \\"Arial\\", sans-serif",
                                  "fontSize": "2.125rem",
                                  "fontWeight": 400,
                                  "lineHeight": "1.20588em",
                                },
                                "display2": Object {
                                  "color": "rgba(0, 0, 0, 0.54)",
                                  "fontFamily": "\\"Roboto\\", \\"Helvetica\\", \\"Arial\\", sans-serif",
                                  "fontSize": "2.8125rem",
                                  "fontWeight": 400,
                                  "lineHeight": "1.13333em",
                                  "marginLeft": "-.02em",
                                },
                                "display3": Object {
                                  "color": "rgba(0, 0, 0, 0.54)",
                                  "fontFamily": "\\"Roboto\\", \\"Helvetica\\", \\"Arial\\", sans-serif",
                                  "fontSize": "3.5rem",
                                  "fontWeight": 400,
                                  "letterSpacing": "-.02em",
                                  "lineHeight": "1.30357em",
                                  "marginLeft": "-.02em",
                                },
                                "display4": Object {
                                  "color": "rgba(0, 0, 0, 0.54)",
                                  "fontFamily": "\\"Roboto\\", \\"Helvetica\\", \\"Arial\\", sans-serif",
                                  "fontSize": "7rem",
                                  "fontWeight": 300,
                                  "letterSpacing": "-.04em",
                                  "lineHeight": "1.14286em",
                                  "marginLeft": "-.04em",
                                },
                                "fontFamily": "\\"Roboto\\", \\"Helvetica\\", \\"Arial\\", sans-serif",
                                "fontSize": 14,
                                "fontWeightLight": 300,
                                "fontWeightMedium": 500,
                                "fontWeightRegular": 400,
                                "h1": Object {
                                  "color": "rgba(0, 0, 0, 0.87)",
                                  "fontFamily": "\\"Roboto\\", \\"Helvetica\\", \\"Arial\\", sans-serif",
                                  "fontSize": "6rem",
                                  "fontWeight": 300,
                                  "letterSpacing": "-0.01562em",
                                  "lineHeight": 1,
                                },
                                "h2": Object {
                                  "color": "rgba(0, 0, 0, 0.87)",
                                  "fontFamily": "\\"Roboto\\", \\"Helvetica\\", \\"Arial\\", sans-serif",
                                  "fontSize": "3.75rem",
                                  "fontWeight": 300,
                                  "letterSpacing": "-0.00833em",
                                  "lineHeight": 1,
                                },
                                "h3": Object {
                                  "color": "rgba(0, 0, 0, 0.87)",
                                  "fontFamily": "\\"Roboto\\", \\"Helvetica\\", \\"Arial\\", sans-serif",
                                  "fontSize": "3rem",
                                  "fontWeight": 400,
                                  "letterSpacing": "0em",
                                  "lineHeight": 1.04,
                                },
                                "h4": Object {
                                  "color": "rgba(0, 0, 0, 0.87)",
                                  "fontFamily": "\\"Roboto\\", \\"Helvetica\\", \\"Arial\\", sans-serif",
                                  "fontSize": "2.125rem",
                                  "fontWeight": 400,
                                  "letterSpacing": "0.00735em",
                                  "lineHeight": 1.17,
                                },
                                "h5": Object {
                                  "color": "rgba(0, 0, 0, 0.87)",
                                  "fontFamily": "\\"Roboto\\", \\"Helvetica\\", \\"Arial\\", sans-serif",
                                  "fontSize": "1.5rem",
                                  "fontWeight": 400,
                                  "letterSpacing": "0em",
                                  "lineHeight": 1.33,
                                },
                                "h6": Object {
                                  "color": "rgba(0, 0, 0, 0.87)",
                                  "fontFamily": "\\"Roboto\\", \\"Helvetica\\", \\"Arial\\", sans-serif",
                                  "fontSize": "1.25rem",
                                  "fontWeight": 500,
                                  "letterSpacing": "0.0075em",
                                  "lineHeight": 1.6,
                                },
                                "headline": Object {
                                  "color": "rgba(0, 0, 0, 0.87)",
                                  "fontFamily": "\\"Roboto\\", \\"Helvetica\\", \\"Arial\\", sans-serif",
                                  "fontSize": "1.5rem",
                                  "fontWeight": 400,
                                  "lineHeight": "1.35417em",
                                },
                                "overline": Object {
                                  "color": "rgba(0, 0, 0, 0.87)",
                                  "fontFamily": "\\"Roboto\\", \\"Helvetica\\", \\"Arial\\", sans-serif",
                                  "fontSize": "0.75rem",
                                  "fontWeight": 400,
                                  "letterSpacing": "0.08333em",
                                  "lineHeight": 2.66,
                                  "textTransform": "uppercase",
                                },
                                "pxToRem": [Function],
                                "round": [Function],
                                "subheading": Object {
                                  "color": "rgba(0, 0, 0, 0.87)",
                                  "fontFamily": "\\"Roboto\\", \\"Helvetica\\", \\"Arial\\", sans-serif",
                                  "fontSize": "1rem",
                                  "fontWeight": 400,
                                  "lineHeight": "1.5em",
                                },
                                "subtitle1": Object {
                                  "color": "rgba(0, 0, 0, 0.87)",
                                  "fontFamily": "\\"Roboto\\", \\"Helvetica\\", \\"Arial\\", sans-serif",
                                  "fontSize": "1rem",
                                  "fontWeight": 400,
                                  "letterSpacing": "0.00938em",
                                  "lineHeight": 1.75,
                                },
                                "subtitle2": Object {
                                  "color": "rgba(0, 0, 0, 0.87)",
                                  "fontFamily": "\\"Roboto\\", \\"Helvetica\\", \\"Arial\\", sans-serif",
                                  "fontSize": "0.875rem",
                                  "fontWeight": 500,
                                  "letterSpacing": "0.00714em",
                                  "lineHeight": 1.57,
                                },
                                "title": Object {
                                  "color": "rgba(0, 0, 0, 0.87)",
                                  "fontFamily": "\\"Roboto\\", \\"Helvetica\\", \\"Arial\\", sans-serif",
                                  "fontSize": "1.3125rem",
                                  "fontWeight": 500,
                                  "lineHeight": "1.16667em",
                                },
                                "useNextVariants": true,
                              },
                              "zIndex": Object {
                                "appBar": 1100,
                                "drawer": 1200,
                                "mobileStepper": 1000,
                                "modal": 1300,
                                "snackbar": 1400,
                                "tooltip": 1500,
                              },
                            }
                          }
                          variant="h6"
                        >
                          <h6
                            className="MuiTypography-root-137 MuiTypography-h6-154 UserAvatar-nome-2"
                          >
                            Imagem
                          </h6>
                        </Typography>
                      </WithStyles(Typography)>
                      <WithStyles(Typography)
                        className="UserAvatar-subtitulo-5"
                        variant="body2"
                      >
                        <Typography
                          align="inherit"
                          className="UserAvatar-subtitulo-5"
                          classes={
                            Object {
                              "alignCenter": "MuiTypography-alignCenter-160",
                              "alignJustify": "MuiTypography-alignJustify-162",
                              "alignLeft": "MuiTypography-alignLeft-159",
                              "alignRight": "MuiTypography-alignRight-161",
                              "body1": "MuiTypography-body1-146",
                              "body2": "MuiTypography-body2-145",
                              "button": "MuiTypography-button-148",
                              "caption": "MuiTypography-caption-147",
                              "colorError": "MuiTypography-colorError-171",
                              "colorInherit": "MuiTypography-colorInherit-166",
                              "colorPrimary": "MuiTypography-colorPrimary-167",
                              "colorSecondary": "MuiTypography-colorSecondary-168",
                              "colorTextPrimary": "MuiTypography-colorTextPrimary-169",
                              "colorTextSecondary": "MuiTypography-colorTextSecondary-170",
                              "display1": "MuiTypography-display1-141",
                              "display2": "MuiTypography-display2-140",
                              "display3": "MuiTypography-display3-139",
                              "display4": "MuiTypography-display4-138",
                              "gutterBottom": "MuiTypography-gutterBottom-164",
                              "h1": "MuiTypography-h1-149",
                              "h2": "MuiTypography-h2-150",
                              "h3": "MuiTypography-h3-151",
                              "h4": "MuiTypography-h4-152",
                              "h5": "MuiTypography-h5-153",
                              "h6": "MuiTypography-h6-154",
                              "headline": "MuiTypography-headline-142",
                              "inline": "MuiTypography-inline-172",
                              "noWrap": "MuiTypography-noWrap-163",
                              "overline": "MuiTypography-overline-157",
                              "paragraph": "MuiTypography-paragraph-165",
                              "root": "MuiTypography-root-137",
                              "srOnly": "MuiTypography-srOnly-158",
                              "subheading": "MuiTypography-subheading-144",
                              "subtitle1": "MuiTypography-subtitle1-155",
                              "subtitle2": "MuiTypography-subtitle2-156",
                              "title": "MuiTypography-title-143",
                            }
                          }
                          color="default"
                          gutterBottom={false}
                          headlineMapping={
                            Object {
                              "body1": "p",
                              "body2": "p",
                              "display1": "h1",
                              "display2": "h1",
                              "display3": "h1",
                              "display4": "h1",
                              "h1": "h1",
                              "h2": "h2",
                              "h3": "h3",
                              "h4": "h4",
                              "h5": "h5",
                              "h6": "h6",
                              "headline": "h1",
                              "subheading": "h3",
                              "subtitle1": "h6",
                              "subtitle2": "h6",
                              "title": "h2",
                            }
                          }
                          inline={false}
                          noWrap={false}
                          paragraph={false}
                          theme={
                            Object {
                              "breakpoints": Object {
                                "between": [Function],
                                "down": [Function],
                                "keys": Array [
                                  "xs",
                                  "sm",
                                  "md",
                                  "lg",
                                  "xl",
                                ],
                                "only": [Function],
                                "up": [Function],
                                "values": Object {
                                  "lg": 1280,
                                  "md": 960,
                                  "sm": 600,
                                  "xl": 1920,
                                  "xs": 0,
                                },
                                "width": [Function],
                              },
                              "direction": "ltr",
                              "mixins": Object {
                                "gutters": [Function],
                                "toolbar": Object {
                                  "@media (min-width:0px) and (orientation: landscape)": Object {
                                    "minHeight": 48,
                                  },
                                  "@media (min-width:600px)": Object {
                                    "minHeight": 64,
                                  },
                                  "minHeight": 56,
                                },
                              },
                              "overrides": Object {},
                              "palette": Object {
                                "action": Object {
                                  "active": "rgba(0, 0, 0, 0.54)",
                                  "disabled": "rgba(0, 0, 0, 0.26)",
                                  "disabledBackground": "rgba(0, 0, 0, 0.12)",
                                  "hover": "rgba(0, 0, 0, 0.08)",
                                  "hoverOpacity": 0.08,
                                  "selected": "rgba(0, 0, 0, 0.14)",
                                },
                                "augmentColor": [Function],
                                "background": Object {
                                  "default": "#fafafa",
                                  "paper": "#fff",
                                },
                                "common": Object {
                                  "black": "#000",
                                  "white": "#fff",
                                },
                                "contrastThreshold": 3,
                                "divider": "rgba(0, 0, 0, 0.12)",
                                "error": Object {
                                  "contrastText": "#fff",
                                  "dark": "#d32f2f",
                                  "light": "#e57373",
                                  "main": "#f44336",
                                },
                                "getContrastText": [Function],
                                "grey": Object {
                                  "100": "#f5f5f5",
                                  "200": "#eeeeee",
                                  "300": "#e0e0e0",
                                  "400": "#bdbdbd",
                                  "50": "#fafafa",
                                  "500": "#9e9e9e",
                                  "600": "#757575",
                                  "700": "#616161",
                                  "800": "#424242",
                                  "900": "#212121",
                                  "A100": "#d5d5d5",
                                  "A200": "#aaaaaa",
                                  "A400": "#303030",
                                  "A700": "#616161",
                                },
                                "primary": Object {
                                  "contrastText": "#fff",
                                  "dark": "#303f9f",
                                  "light": "#7986cb",
                                  "main": "#3f51b5",
                                },
                                "secondary": Object {
                                  "contrastText": "#fff",
                                  "dark": "#c51162",
                                  "light": "#ff4081",
                                  "main": "#f50057",
                                },
                                "text": Object {
                                  "disabled": "rgba(0, 0, 0, 0.38)",
                                  "hint": "rgba(0, 0, 0, 0.38)",
                                  "primary": "rgba(0, 0, 0, 0.87)",
                                  "secondary": "rgba(0, 0, 0, 0.54)",
                                },
                                "tonalOffset": 0.2,
                                "type": "light",
                              },
                              "props": Object {},
                              "shadows": Array [
                                "none",
                                "0px 1px 3px 0px rgba(0,0,0,0.2),0px 1px 1px 0px rgba(0,0,0,0.14),0px 2px 1px -1px rgba(0,0,0,0.12)",
                                "0px 1px 5px 0px rgba(0,0,0,0.2),0px 2px 2px 0px rgba(0,0,0,0.14),0px 3px 1px -2px rgba(0,0,0,0.12)",
                                "0px 1px 8px 0px rgba(0,0,0,0.2),0px 3px 4px 0px rgba(0,0,0,0.14),0px 3px 3px -2px rgba(0,0,0,0.12)",
                                "0px 2px 4px -1px rgba(0,0,0,0.2),0px 4px 5px 0px rgba(0,0,0,0.14),0px 1px 10px 0px rgba(0,0,0,0.12)",
                                "0px 3px 5px -1px rgba(0,0,0,0.2),0px 5px 8px 0px rgba(0,0,0,0.14),0px 1px 14px 0px rgba(0,0,0,0.12)",
                                "0px 3px 5px -1px rgba(0,0,0,0.2),0px 6px 10px 0px rgba(0,0,0,0.14),0px 1px 18px 0px rgba(0,0,0,0.12)",
                                "0px 4px 5px -2px rgba(0,0,0,0.2),0px 7px 10px 1px rgba(0,0,0,0.14),0px 2px 16px 1px rgba(0,0,0,0.12)",
                                "0px 5px 5px -3px rgba(0,0,0,0.2),0px 8px 10px 1px rgba(0,0,0,0.14),0px 3px 14px 2px rgba(0,0,0,0.12)",
                                "0px 5px 6px -3px rgba(0,0,0,0.2),0px 9px 12px 1px rgba(0,0,0,0.14),0px 3px 16px 2px rgba(0,0,0,0.12)",
                                "0px 6px 6px -3px rgba(0,0,0,0.2),0px 10px 14px 1px rgba(0,0,0,0.14),0px 4px 18px 3px rgba(0,0,0,0.12)",
                                "0px 6px 7px -4px rgba(0,0,0,0.2),0px 11px 15px 1px rgba(0,0,0,0.14),0px 4px 20px 3px rgba(0,0,0,0.12)",
                                "0px 7px 8px -4px rgba(0,0,0,0.2),0px 12px 17px 2px rgba(0,0,0,0.14),0px 5px 22px 4px rgba(0,0,0,0.12)",
                                "0px 7px 8px -4px rgba(0,0,0,0.2),0px 13px 19px 2px rgba(0,0,0,0.14),0px 5px 24px 4px rgba(0,0,0,0.12)",
                                "0px 7px 9px -4px rgba(0,0,0,0.2),0px 14px 21px 2px rgba(0,0,0,0.14),0px 5px 26px 4px rgba(0,0,0,0.12)",
                                "0px 8px 9px -5px rgba(0,0,0,0.2),0px 15px 22px 2px rgba(0,0,0,0.14),0px 6px 28px 5px rgba(0,0,0,0.12)",
                                "0px 8px 10px -5px rgba(0,0,0,0.2),0px 16px 24px 2px rgba(0,0,0,0.14),0px 6px 30px 5px rgba(0,0,0,0.12)",
                                "0px 8px 11px -5px rgba(0,0,0,0.2),0px 17px 26px 2px rgba(0,0,0,0.14),0px 6px 32px 5px rgba(0,0,0,0.12)",
                                "0px 9px 11px -5px rgba(0,0,0,0.2),0px 18px 28px 2px rgba(0,0,0,0.14),0px 7px 34px 6px rgba(0,0,0,0.12)",
                                "0px 9px 12px -6px rgba(0,0,0,0.2),0px 19px 29px 2px rgba(0,0,0,0.14),0px 7px 36px 6px rgba(0,0,0,0.12)",
                                "0px 10px 13px -6px rgba(0,0,0,0.2),0px 20px 31px 3px rgba(0,0,0,0.14),0px 8px 38px 7px rgba(0,0,0,0.12)",
                                "0px 10px 13px -6px rgba(0,0,0,0.2),0px 21px 33px 3px rgba(0,0,0,0.14),0px 8px 40px 7px rgba(0,0,0,0.12)",
                                "0px 10px 14px -6px rgba(0,0,0,0.2),0px 22px 35px 3px rgba(0,0,0,0.14),0px 8px 42px 7px rgba(0,0,0,0.12)",
                                "0px 11px 14px -7px rgba(0,0,0,0.2),0px 23px 36px 3px rgba(0,0,0,0.14),0px 9px 44px 8px rgba(0,0,0,0.12)",
                                "0px 11px 15px -7px rgba(0,0,0,0.2),0px 24px 38px 3px rgba(0,0,0,0.14),0px 9px 46px 8px rgba(0,0,0,0.12)",
                              ],
                              "shape": Object {
                                "borderRadius": 4,
                              },
                              "spacing": Object {
                                "unit": 8,
                              },
                              "transitions": Object {
                                "create": [Function],
                                "duration": Object {
                                  "complex": 375,
                                  "enteringScreen": 225,
                                  "leavingScreen": 195,
                                  "short": 250,
                                  "shorter": 200,
                                  "shortest": 150,
                                  "standard": 300,
                                },
                                "easing": Object {
                                  "easeIn": "cubic-bezier(0.4, 0, 1, 1)",
                                  "easeInOut": "cubic-bezier(0.4, 0, 0.2, 1)",
                                  "easeOut": "cubic-bezier(0.0, 0, 0.2, 1)",
                                  "sharp": "cubic-bezier(0.4, 0, 0.6, 1)",
                                },
                                "getAutoHeightDuration": [Function],
                              },
                              "typography": Object {
                                "body1": Object {
                                  "color": "rgba(0, 0, 0, 0.87)",
                                  "fontFamily": "\\"Roboto\\", \\"Helvetica\\", \\"Arial\\", sans-serif",
                                  "fontSize": "1rem",
                                  "fontWeight": 400,
                                  "letterSpacing": "0.00938em",
                                  "lineHeight": 1.5,
                                },
                                "body1Next": Object {
                                  "color": "rgba(0, 0, 0, 0.87)",
                                  "fontFamily": "\\"Roboto\\", \\"Helvetica\\", \\"Arial\\", sans-serif",
                                  "fontSize": "1rem",
                                  "fontWeight": 400,
                                  "letterSpacing": "0.00938em",
                                  "lineHeight": 1.5,
                                },
                                "body2": Object {
                                  "color": "rgba(0, 0, 0, 0.87)",
                                  "fontFamily": "\\"Roboto\\", \\"Helvetica\\", \\"Arial\\", sans-serif",
                                  "fontSize": "0.875rem",
                                  "fontWeight": 400,
                                  "letterSpacing": "0.01071em",
                                  "lineHeight": 1.5,
                                },
                                "body2Next": Object {
                                  "color": "rgba(0, 0, 0, 0.87)",
                                  "fontFamily": "\\"Roboto\\", \\"Helvetica\\", \\"Arial\\", sans-serif",
                                  "fontSize": "0.875rem",
                                  "fontWeight": 400,
                                  "letterSpacing": "0.01071em",
                                  "lineHeight": 1.5,
                                },
                                "button": Object {
                                  "color": "rgba(0, 0, 0, 0.87)",
                                  "fontFamily": "\\"Roboto\\", \\"Helvetica\\", \\"Arial\\", sans-serif",
                                  "fontSize": "0.875rem",
                                  "fontWeight": 500,
                                  "letterSpacing": "0.02857em",
                                  "lineHeight": 1.75,
                                  "textTransform": "uppercase",
                                },
                                "buttonNext": Object {
                                  "color": "rgba(0, 0, 0, 0.87)",
                                  "fontFamily": "\\"Roboto\\", \\"Helvetica\\", \\"Arial\\", sans-serif",
                                  "fontSize": "0.875rem",
                                  "fontWeight": 500,
                                  "letterSpacing": "0.02857em",
                                  "lineHeight": 1.75,
                                  "textTransform": "uppercase",
                                },
                                "caption": Object {
                                  "color": "rgba(0, 0, 0, 0.87)",
                                  "fontFamily": "\\"Roboto\\", \\"Helvetica\\", \\"Arial\\", sans-serif",
                                  "fontSize": "0.75rem",
                                  "fontWeight": 400,
                                  "letterSpacing": "0.03333em",
                                  "lineHeight": 1.66,
                                },
                                "captionNext": Object {
                                  "color": "rgba(0, 0, 0, 0.87)",
                                  "fontFamily": "\\"Roboto\\", \\"Helvetica\\", \\"Arial\\", sans-serif",
                                  "fontSize": "0.75rem",
                                  "fontWeight": 400,
                                  "letterSpacing": "0.03333em",
                                  "lineHeight": 1.66,
                                },
                                "display1": Object {
                                  "color": "rgba(0, 0, 0, 0.54)",
                                  "fontFamily": "\\"Roboto\\", \\"Helvetica\\", \\"Arial\\", sans-serif",
                                  "fontSize": "2.125rem",
                                  "fontWeight": 400,
                                  "lineHeight": "1.20588em",
                                },
                                "display2": Object {
                                  "color": "rgba(0, 0, 0, 0.54)",
                                  "fontFamily": "\\"Roboto\\", \\"Helvetica\\", \\"Arial\\", sans-serif",
                                  "fontSize": "2.8125rem",
                                  "fontWeight": 400,
                                  "lineHeight": "1.13333em",
                                  "marginLeft": "-.02em",
                                },
                                "display3": Object {
                                  "color": "rgba(0, 0, 0, 0.54)",
                                  "fontFamily": "\\"Roboto\\", \\"Helvetica\\", \\"Arial\\", sans-serif",
                                  "fontSize": "3.5rem",
                                  "fontWeight": 400,
                                  "letterSpacing": "-.02em",
                                  "lineHeight": "1.30357em",
                                  "marginLeft": "-.02em",
                                },
                                "display4": Object {
                                  "color": "rgba(0, 0, 0, 0.54)",
                                  "fontFamily": "\\"Roboto\\", \\"Helvetica\\", \\"Arial\\", sans-serif",
                                  "fontSize": "7rem",
                                  "fontWeight": 300,
                                  "letterSpacing": "-.04em",
                                  "lineHeight": "1.14286em",
                                  "marginLeft": "-.04em",
                                },
                                "fontFamily": "\\"Roboto\\", \\"Helvetica\\", \\"Arial\\", sans-serif",
                                "fontSize": 14,
                                "fontWeightLight": 300,
                                "fontWeightMedium": 500,
                                "fontWeightRegular": 400,
                                "h1": Object {
                                  "color": "rgba(0, 0, 0, 0.87)",
                                  "fontFamily": "\\"Roboto\\", \\"Helvetica\\", \\"Arial\\", sans-serif",
                                  "fontSize": "6rem",
                                  "fontWeight": 300,
                                  "letterSpacing": "-0.01562em",
                                  "lineHeight": 1,
                                },
                                "h2": Object {
                                  "color": "rgba(0, 0, 0, 0.87)",
                                  "fontFamily": "\\"Roboto\\", \\"Helvetica\\", \\"Arial\\", sans-serif",
                                  "fontSize": "3.75rem",
                                  "fontWeight": 300,
                                  "letterSpacing": "-0.00833em",
                                  "lineHeight": 1,
                                },
                                "h3": Object {
                                  "color": "rgba(0, 0, 0, 0.87)",
                                  "fontFamily": "\\"Roboto\\", \\"Helvetica\\", \\"Arial\\", sans-serif",
                                  "fontSize": "3rem",
                                  "fontWeight": 400,
                                  "letterSpacing": "0em",
                                  "lineHeight": 1.04,
                                },
                                "h4": Object {
                                  "color": "rgba(0, 0, 0, 0.87)",
                                  "fontFamily": "\\"Roboto\\", \\"Helvetica\\", \\"Arial\\", sans-serif",
                                  "fontSize": "2.125rem",
                                  "fontWeight": 400,
                                  "letterSpacing": "0.00735em",
                                  "lineHeight": 1.17,
                                },
                                "h5": Object {
                                  "color": "rgba(0, 0, 0, 0.87)",
                                  "fontFamily": "\\"Roboto\\", \\"Helvetica\\", \\"Arial\\", sans-serif",
                                  "fontSize": "1.5rem",
                                  "fontWeight": 400,
                                  "letterSpacing": "0em",
                                  "lineHeight": 1.33,
                                },
                                "h6": Object {
                                  "color": "rgba(0, 0, 0, 0.87)",
                                  "fontFamily": "\\"Roboto\\", \\"Helvetica\\", \\"Arial\\", sans-serif",
                                  "fontSize": "1.25rem",
                                  "fontWeight": 500,
                                  "letterSpacing": "0.0075em",
                                  "lineHeight": 1.6,
                                },
                                "headline": Object {
                                  "color": "rgba(0, 0, 0, 0.87)",
                                  "fontFamily": "\\"Roboto\\", \\"Helvetica\\", \\"Arial\\", sans-serif",
                                  "fontSize": "1.5rem",
                                  "fontWeight": 400,
                                  "lineHeight": "1.35417em",
                                },
                                "overline": Object {
                                  "color": "rgba(0, 0, 0, 0.87)",
                                  "fontFamily": "\\"Roboto\\", \\"Helvetica\\", \\"Arial\\", sans-serif",
                                  "fontSize": "0.75rem",
                                  "fontWeight": 400,
                                  "letterSpacing": "0.08333em",
                                  "lineHeight": 2.66,
                                  "textTransform": "uppercase",
                                },
                                "pxToRem": [Function],
                                "round": [Function],
                                "subheading": Object {
                                  "color": "rgba(0, 0, 0, 0.87)",
                                  "fontFamily": "\\"Roboto\\", \\"Helvetica\\", \\"Arial\\", sans-serif",
                                  "fontSize": "1rem",
                                  "fontWeight": 400,
                                  "lineHeight": "1.5em",
                                },
                                "subtitle1": Object {
                                  "color": "rgba(0, 0, 0, 0.87)",
                                  "fontFamily": "\\"Roboto\\", \\"Helvetica\\", \\"Arial\\", sans-serif",
                                  "fontSize": "1rem",
                                  "fontWeight": 400,
                                  "letterSpacing": "0.00938em",
                                  "lineHeight": 1.75,
                                },
                                "subtitle2": Object {
                                  "color": "rgba(0, 0, 0, 0.87)",
                                  "fontFamily": "\\"Roboto\\", \\"Helvetica\\", \\"Arial\\", sans-serif",
                                  "fontSize": "0.875rem",
                                  "fontWeight": 500,
                                  "letterSpacing": "0.00714em",
                                  "lineHeight": 1.57,
                                },
                                "title": Object {
                                  "color": "rgba(0, 0, 0, 0.87)",
                                  "fontFamily": "\\"Roboto\\", \\"Helvetica\\", \\"Arial\\", sans-serif",
                                  "fontSize": "1.3125rem",
                                  "fontWeight": 500,
                                  "lineHeight": "1.16667em",
                                },
                                "useNextVariants": true,
                              },
                              "zIndex": Object {
                                "appBar": 1100,
                                "drawer": 1200,
                                "mobileStepper": 1000,
                                "modal": 1300,
                                "snackbar": 1400,
                                "tooltip": 1500,
                              },
                            }
                          }
                          variant="body2"
                        >
                          <p
                            className="MuiTypography-root-137 MuiTypography-body2-145 UserAvatar-subtitulo-5"
                          >
                            Subtitulo
                          </p>
                        </Typography>
                      </WithStyles(Typography)>
                    </div>
                  </Grid>
                </WithStyles(Grid)>
              </div>
            </Grid>
          </WithStyles(Grid)>
        </div>
      </Paper>
    </WithStyles(Paper)>
  </UserAvatar>
</WithStyles(UserAvatar)>
`;
